
> analytical-hub@0.0.0 build
> vite build

[36mvite v7.3.1 [32mbuilding client environment for production...[36m[39m
transforming...
[32mΓ£ô[39m 500 modules transformed.
Γ£ù Build failed in 2.10s
error during build:
src/components/dashboard/DashboardBuilder.jsx (17:7): "default" is not exported by "src/utils/exportUtils.js", imported by "src/components/dashboard/DashboardBuilder.jsx".
file: C:/Users/PRDH4067/.gemini/antigravity/scratch/analytical-hub/src/components/dashboard/DashboardBuilder.jsx:17:7

15: import PropertyFilter from './PropertyFilter';
16: import analyticsService from '../../services/analyticsService';
17: import exportUtils from '../../utils/exportUtils';
           ^
18: 
19: const componentTypes = [

    at getRollupError (file:///C:/Users/PRDH4067/.gemini/antigravity/scratch/analytical-hub/node_modules/rollup/dist/es/shared/parseAst.js:401:41)
    at error (file:///C:/Users/PRDH4067/.gemini/antigravity/scratch/analytical-hub/node_modules/rollup/dist/es/shared/parseAst.js:397:42)
    at Module.error (file:///C:/Users/PRDH4067/.gemini/antigravity/scratch/analytical-hub/node_modules/rollup/dist/es/shared/node-entry.js:17022:16)
    at Module.traceVariable (file:///C:/Users/PRDH4067/.gemini/antigravity/scratch/analytical-hub/node_modules/rollup/dist/es/shared/node-entry.js:17478:29)
    at ModuleScope.findVariable (file:///C:/Users/PRDH4067/.gemini/antigravity/scratch/analytical-hub/node_modules/rollup/dist/es/shared/node-entry.js:15141:39)
    at ReturnValueScope.findVariable (file:///C:/Users/PRDH4067/.gemini/antigravity/scratch/analytical-hub/node_modules/rollup/dist/es/shared/node-entry.js:5688:38)
    at FunctionBodyScope.findVariable (file:///C:/Users/PRDH4067/.gemini/antigravity/scratch/analytical-hub/node_modules/rollup/dist/es/shared/node-entry.js:5688:38)
    at ReturnValueScope.findVariable (file:///C:/Users/PRDH4067/.gemini/antigravity/scratch/analytical-hub/node_modules/rollup/dist/es/shared/node-entry.js:5688:38)
    at FunctionBodyScope.findVariable (file:///C:/Users/PRDH4067/.gemini/antigravity/scratch/analytical-hub/node_modules/rollup/dist/es/shared/node-entry.js:5688:38)
    at MemberExpression.bind (file:///C:/Users/PRDH4067/.gemini/antigravity/scratch/analytical-hub/node_modules/rollup/dist/es/shared/node-entry.js:7406:49)
